Γû▓ Next.js 16.1.4 (Turbopack)
- Environments: .env

npx : ΓÜá The "middleware" file convention is 
deprecated. Please use "proxy" instead. Learn 
more: https://nextjs.org/docs/messages/middleware
-to-proxy
At line:1 char:1
+ npx next build 2>&1 | Out-File -FilePath 
build_output.txt -Encoding u ...
+ ~~~~~~~~~~~~~~~~~~~
    + CategoryInfo          : NotSpecified: (ΓÜá 
    The "middle...leware-to-proxy:String) [], R  
  emoteException
    + FullyQualifiedErrorId : NativeCommandError
 
  Creating an optimized production build ...
Γ£ô Compiled successfully in 23.0s
  Running TypeScript ...
  Collecting page data using 7 workers ...
  Generating static pages using 7 workers (0/135) ...
ΓÜá metadataBase property in metadata export is 
not set for resolving social open graph or 
twitter images, using "http://localhost:3000". 
See https://nextjs.org/docs/app/api-reference/fun
ctions/generate-metadata#metadatabase
ΓÜá metadataBase property in metadata export is 
not set for resolving social open graph or 
twitter images, using "http://localhost:3000". 
See https://nextjs.org/docs/app/api-reference/fun
ctions/generate-metadata#metadatabase
ΓÜá metadataBase property in metadata export is 
not set for resolving social open graph or 
twitter images, using "http://localhost:3000". 
See https://nextjs.org/docs/app/api-reference/fun
ctions/generate-metadata#metadatabase
  Generating static pages using 7 workers (33/135) 
ΓÜá metadataBase property in metadata export is 
not set for resolving social open graph or 
twitter images, using "http://localhost:3000". 
See https://nextjs.org/docs/app/api-reference/fun
ctions/generate-metadata#metadatabase
  Generating static pages using 7 workers (67/135) 
  Generating static pages using 7 workers (101/135) 
Γ£ô Generating static pages using 7 workers (135/135) in 2.2s
  Finalizing page optimization ...

Route (app)
Γöî Γùï /
Γö£ Γùï /_not-found
Γö£ Γùï /anggota
Γö£ ╞Æ /anggota/[id]
Γö£ ╞Æ /anggota/[id]/edit
Γö£ Γùï /anggota/buku
Γö£ Γùï /anggota/kartu
Γö£ Γùï /anggota/tambah
Γö£ ╞Æ /api/approvals
Γö£ ╞Æ /api/aset
Γö£ ╞Æ /api/aset/[id]
Γö£ ╞Æ /api/audit-logs
Γö£ ╞Æ /api/auth/[...nextauth]
Γö£ ╞Æ /api/cash-bank/accounts
Γö£ ╞Æ /api/cash-bank/transactions
Γö£ ╞Æ /api/cash-bank/transfers
Γö£ ╞Æ /api/dashboard-stats
Γö£ ╞Æ /api/journals
Γö£ ╞Æ /api/loans
Γö£ ╞Æ /api/loans/[id]
Γö£ ╞Æ /api/loans/[id]/payments
Γö£ ╞Æ /api/loans/applications
Γö£ ╞Æ /api/loans/applications/[id]
Γö£ ╞Æ /api/loans/applications/[id]/approve
Γö£ ╞Æ /api/loans/applications/[id]/disburse
Γö£ ╞Æ /api/loans/applications/[id]/reject
Γö£ ╞Æ /api/loans/applications/[id]/submit
Γö£ ╞Æ /api/master/accounts
Γö£ ╞Æ /api/master/branches
Γö£ ╞Æ /api/master/branches/[id]
Γö£ ╞Æ /api/master/loan-products
Γö£ ╞Æ /api/master/savings-products
Γö£ ╞Æ /api/master/savings-products/[id]
Γö£ ╞Æ /api/member-portal/loan-application
Γö£ ╞Æ /api/member-portal/profile
Γö£ ╞Æ /api/member-portal/summary
Γö£ ╞Æ /api/member-portal/transactions
Γö£ ╞Æ /api/members
Γö£ ╞Æ /api/members/[id]
Γö£ ╞Æ /api/members/export
Γö£ ╞Æ /api/members/import
Γö£ ╞Æ /api/members/lookup
Γö£ ╞Æ /api/mobile/approvals
Γö£ ╞Æ /api/mobile/change-password
Γö£ ╞Æ /api/mobile/loan-apply
Γö£ ╞Æ /api/mobile/loan-payment
Γö£ ╞Æ /api/mobile/loans
Γö£ ╞Æ /api/mobile/loans-operator
Γö£ ╞Æ /api/mobile/login
Γö£ ╞Æ /api/mobile/members
Γö£ ╞Æ /api/mobile/members/[id]
Γö£ ╞Æ /api/mobile/pengumuman
Γö£ ╞Æ /api/mobile/push-token
Γö£ ╞Æ /api/mobile/reports/loans
Γö£ ╞Æ /api/mobile/reports/savings
Γö£ ╞Æ /api/mobile/savings-accounts
Γö£ ╞Æ /api/mobile/savings-tx
Γö£ ╞Æ /api/mobile/summary
Γö£ ╞Æ /api/mobile/toko
Γö£ ╞Æ /api/mobile/transactions
Γö£ ╞Æ /api/pengumuman
Γö£ ╞Æ /api/pengumuman/[id]
Γö£ ╞Æ /api/permissions
Γö£ ╞Æ /api/receipts
Γö£ ╞Æ /api/receipts/[id]
Γö£ ╞Æ /api/reports/laba-rugi
Γö£ ╞Æ /api/reports/loans-recap
Γö£ ╞Æ /api/reports/members-recap
Γö£ ╞Æ /api/reports/neraca
Γö£ ╞Æ /api/reports/savings-recap
Γö£ ╞Æ /api/reports/shu
Γö£ ╞Æ /api/reports/shu/calculate
Γö£ ╞Æ /api/roles
Γö£ ╞Æ /api/savings/transactions
Γö£ ╞Æ /api/toko/products
Γö£ ╞Æ /api/toko/products/import
Γö£ ╞Æ /api/toko/sales
Γö£ ╞Æ /api/toko/stats
Γö£ ╞Æ /api/unit-transactions
Γö£ ╞Æ /api/user/password
Γö£ ╞Æ /api/users
Γö£ Γùï /approval
Γö£ Γùï /aset
Γö£ ╞Æ /aset/[id]
Γö£ ╞Æ /aset/[id]/edit
Γö£ Γùï /aset/penyusutan
Γö£ Γùï /aset/tambah
Γö£ Γùï /audit-log
Γö£ Γùï /dashboard
Γö£ Γùï /forgot-password
Γö£ Γùï /icon.png
Γö£ Γùï /jurnal/buku-besar
Γö£ Γùï /jurnal/penyesuaian
Γö£ Γùï /jurnal/umum
Γö£ Γùï /kas-bank
Γö£ Γùï /kas-bank/bank
Γö£ Γùï /kas-bank/kas
Γö£ Γùï /kas-bank/transaksi/tambah
Γö£ Γùï /kas-bank/transfer
Γö£ Γùï /kwitansi
Γö£ ╞Æ /kwitansi/[id]/cetak
Γö£ Γùï /kwitansi/tambah
Γö£ Γùï /laporan
Γö£ Γùï /laporan/arus-kas
Γö£ Γùï /laporan/laba-rugi
Γö£ Γùï /laporan/neraca
Γö£ Γùï /laporan/rekap-anggota
Γö£ Γùï /laporan/rekap-pinjaman
Γö£ Γùï /laporan/rekap-simpanan
Γö£ Γùï /laporan/shu
Γö£ Γùï /login
Γö£ Γùï /master
Γö£ Γùï /master/cabang
Γö£ Γùï /master/coa
Γö£ Γùï /master/import-data
Γö£ Γùï /master/mapping-jurnal
Γö£ Γùï /master/parameter-shu
Γö£ Γùï /master/produk-pinjaman
Γö£ Γùï /master/produk-simpanan
Γö£ Γùï /master/saldo-awal
Γö£ Γùï /master/users
Γö£ Γùï /non-sp/penerimaan
Γö£ Γùï /non-sp/pengeluaran
Γö£ Γùï /pengumuman
Γö£ Γùï /periode/shu/distribusi
Γö£ Γùï /periode/shu/perhitungan
Γö£ Γùï /periode/tutup-buku
Γö£ Γùï /pinjaman
Γö£ ╞Æ /pinjaman/[id]
Γö£ Γùï /pinjaman/angsuran
Γö£ Γùï /pinjaman/angsuran/bayar
Γö£ Γùï /pinjaman/jadwal
Γö£ Γùï /pinjaman/pengajuan
Γö£ ╞Æ /pinjaman/pengajuan/[id]
Γö£ Γùï /pinjaman/pengajuan/tambah
Γö£ Γùï /portal/dashboard
Γö£ Γùï /portal/pengajuan-pinjaman
Γö£ Γùï /portal/pinjaman
Γö£ Γùï /portal/profil
Γö£ Γùï /portal/simpanan
Γö£ Γùï /portal/transaksi
Γö£ Γùï /profil
Γö£ Γùï /profil-koperasi
Γö£ Γùï /settings
Γö£ Γùï /simpanan
Γö£ Γùï /simpanan/rekap
Γö£ Γùï /simpanan/transaksi
Γö£ Γùï /simpanan/transaksi/tambah
Γö£ Γùï /toko
Γö£ Γùï /toko/kasir
Γö£ Γùï /toko/persediaan
Γö£ Γùï /toko/produk
Γö£ ╞Æ /toko/produk/[id]
Γö£ Γùï /toko/produk/import
Γö£ Γùï /toko/produk/tambah
Γö£ Γùï /transaksi-unit
Γöö Γùï /transaksi-unit/riwayat


╞Æ Proxy (Middleware)

Γùï  (Static)   prerendered as static content
╞Æ  (Dynamic)  server-rendered on demand

